src/components/Brain/Scene.tsx(58,15): error TS6133: 'state' is declared but its value is never read.
src/components/Brain/Scene.tsx(82,29): error TS7006: Parameter 'e' implicitly has an 'any' type.
src/components/Brain/Scene.tsx(90,28): error TS7006: Parameter 'e' implicitly has an 'any' type.
